
- NASM Map file ---------------------------------------------------------------

Source file:  /home/claude/repo/BUBios2/asm/bubios.asm
Output file:  /home/claude/repo/BUBios2/asm/bubios.bin

-- Program origin -------------------------------------------------------------

00000000

-- Sections (summary) ---------------------------------------------------------

Vstart            Start             Stop              Length    Class     Name
               0                 0                 0  00000000  progbits  .text
            DA84                 0               57C  0000057C  progbits  code
            7902               800               DFC  000005FC  progbits  data
            7F14              1000              10EA  000000EA  progbits  code2
            7856              1400              14AA  000000AA  progbits  code3
            39C0              1800              19C3  000001C3  progbits  post1
            3B8F              1C00              21D9  000005D9  progbits  post2
            429D              2400              2B38  00000738  progbits  post3
            3292              2C00              2DEF  000001EF  progbits  lba
            19B0              3000              30CA  000000CA  progbits  tools
            4EAA              3200              3228  00000028  progbits  mem
            76AC              3300              330D  0000000D  progbits  wait

-- Sections (detailed) --------------------------------------------------------

---- Section .text ------------------------------------------------------------

class:     progbits
length:                   0
start:                    0
align:     not defined
follows:   not defined
vstart:                   0
valign:    not defined
vfollows:  not defined

---- Section code -------------------------------------------------------------

class:     progbits
length:                 57C
start:                    0
align:     not defined
follows:   not defined
vstart:                DA84
valign:    not defined
vfollows:  not defined

---- Section data -------------------------------------------------------------

class:     progbits
length:                 5FC
start:                  800
align:     not defined
follows:   not defined
vstart:                7902
valign:    not defined
vfollows:  not defined

---- Section code2 ------------------------------------------------------------

class:     progbits
length:                  EA
start:                 1000
align:     not defined
follows:   not defined
vstart:                7F14
valign:    not defined
vfollows:  not defined

---- Section code3 ------------------------------------------------------------

class:     progbits
length:                  AA
start:                 1400
align:     not defined
follows:   not defined
vstart:                7856
valign:    not defined
vfollows:  not defined

---- Section post1 ------------------------------------------------------------

class:     progbits
length:                 1C3
start:                 1800
align:     not defined
follows:   not defined
vstart:                39C0
valign:    not defined
vfollows:  not defined

---- Section post2 ------------------------------------------------------------

class:     progbits
length:                 5D9
start:                 1C00
align:     not defined
follows:   not defined
vstart:                3B8F
valign:    not defined
vfollows:  not defined

---- Section post3 ------------------------------------------------------------

class:     progbits
length:                 738
start:                 2400
align:     not defined
follows:   not defined
vstart:                429D
valign:    not defined
vfollows:  not defined

---- Section lba --------------------------------------------------------------

class:     progbits
length:                 1EF
start:                 2C00
align:     not defined
follows:   not defined
vstart:                3292
valign:    not defined
vfollows:  not defined

---- Section tools ------------------------------------------------------------

class:     progbits
length:                  CA
start:                 3000
align:     not defined
follows:   not defined
vstart:                19B0
valign:    not defined
vfollows:  not defined

---- Section mem --------------------------------------------------------------

class:     progbits
length:                  28
start:                 3200
align:     not defined
follows:   not defined
vstart:                4EAA
valign:    not defined
vfollows:  not defined

---- Section wait -------------------------------------------------------------

class:     progbits
length:                   D
start:                 3300
align:     not defined
follows:   not defined
vstart:                76AC
valign:    not defined
vfollows:  not defined

-- Symbols --------------------------------------------------------------------

---- No Section ---------------------------------------------------------------

Value     Name
000084CB  A_RDCMOS
00005077  A_VIDINIT
00000995  A_CUROFF
000054AE  A_SETUPOK
00003704  A_NOSETUP
00005199  A_BOX
0000520E  A_FILL
0000526E  A_HLINE
00005286  A_VLINE
000052DF  A_PRINT
000052BB  A_PRINTB
000052D2  A_PRINTC
000052FA  A_PUTCH
0000390F  A_FOOTER
0000530E  A_GETKEY
000050BA  A_COLOUR
000029DD  A_SAVEEXIT
000029EC  A_QUIT
00005B21  A_VALSTR
000000EC  H_STD
00000BDE  H_ADV
00000C05  H_CHIP
00005486  H_DEF
0000F1C8  H_PWD
00004A44  H_DETECT
000076F5  CALC_FACTOR
000008CD  A_STDKEY
00006180  A_GETDATE
000061BA  A_GETTIME
00005FCB  A_SETDATE
00006022  A_DTSHOW
0000BDE7  R_EXTCACHE
0000BE8F  R_VSHADOW
0000C057  R_SSHADOW
0000BDA3  R_BOOTSEQ
0000BD1D  R_NUMLOCK
0000BE6D  R_PASSWORD
00006F35  S_FLOPPY
00006F8A  S_MONO
00006F9B  S_COL80
00006FAC  S_COL40
00006FBD  S_VGA
00002D4F  S_HELP_DEF
00002D9B  S_HELP_PON
00002DE5  S_HELP_PWD
00002E11  S_HELP_DET
00002E7C  S_HELP_SAV
00002E75  S_HELP_QUT
0000E000  CMOS
0000E182  V_KEY
0000E187  V_ITEM
0000E18F  V_REC
0000E197  V_VSTR
0000E19F  V_ATTR
0000E1A2  C_CONTENT
0000E1A3  C_SEL
0000E1A8  C_HDR
00008292  AMI_VSTR
00004FF4  AMI_VIDSEG
0000EF80  BU_TAB
0000EF81  BU_PEND
0000EF82  BU_SEL
0000EF84  BU_MHZ
0000EF86  BU_CPU
0000EF87  BU_FPU
0000EF88  BU_DTPOS
0000EF8A  BU_DTW
0000EF90  BU_BUF
00000006  NTABS
00000012  LBLW
00000007  ITEMSZ
0000F42E  P_BIOSID
0000EE94  P_CMOSRD
0000EE9D  P_CMOSWR
00008EE3  P_CHIPRD
00008300  P_OPTION
0000F104  P_SETUP
00008078  S_BIOSID
0000B870  O_BOOTSEQ
0000A3EC  INT13_CONT
0000A446  INT13_FLOP
0000007F  CM_FLAGS
0000007E  CM_CHECK
000000F0  ST_FLAG
000000B2  FLAG_UP
000000F1  ST_CPU
000000F2  ST_FPU
000000F3  ST_SCH
000000F4  ST_T0
000000F6  ST_UNITS
000000F8  ST_TOTAL
000000FA  ST_STAT
000000FC  ST_MHZ
000000FE  ST_DISK
000000FF  ST_MISC
000007C0  TLOOP_SEG
00000002  SPLASH_T
00000003  BOOT_T
00000042  T_SECOND
00000000  AT_BG
00000001  AT_TITLE
00000002  AT_LABEL
00000003  AT_VALUE
00000004  AT_FILL
00000005  AT_EMPTY
00000006  AT_ACCENT
00000007  AT_ERR
00000008  AT_STAT
00000009  NATTR
00000002  R_SYS
00000007  R_MEM
00000009  R_FDD
0000000A  R_HDC
0000000F  R_PORTS
00000010  R_ROMS
00000011  R_LINE
00000012  R_MSG
00000018  R_STAT
00000002  C_LBL
0000000F  C_VAL
0000002A  C_RLBL
00000037  C_RVAL
0000003A  C_LBA
00000028  BAR_W
0000EFC0  BU_AUTOLBL


---- Section code -------------------------------------------------------------

Real              Virtual           Name
               0              DA84  bu_main
              21              DAA5  bu_main.loop
              4D              DAD1  bu_main.menu
              8B              DB0F  bu_main.esc
              96              DB1A  bu_main.set
              A0              DB24  bu_main.next
              A4              DB28  bu_main.prev
              A6              DB2A  bu_main.step
              AE              DB32  bu_main.s1
              B6              DB3A  bu_main.up
              CC              DB50  bu_main.down
              E0              DB64  bu_main.sel
              E6              DB6A  bu_main.enter
              FE              DB82  bu_main.f10
             109              DB8D  bu_main.colour
             10F              DB93  bu_list
             12B              DBAF  bu_list.r
             12C              DBB0  bu_item
             138              DBBC  bu_hdr
             16C              DBF0  bu_hdr.tab
             178              DBFC  bu_hdr.t1
             1A6              DC2A  bu_tabattr
             1BB              DC3F  bu_tabattr.r
             1BC              DC40  bu_draw_page
             1E8              DC6C  bu_draw_page.item
             1F8              DC7C  bu_draw_page.a
             23B              DCBF  bu_draw_page.done
             23C              DCC0  bu_summary
             259              DCDD  bu_summary.e
             293              DD17  bu_summary.dot
             2A1              DD25  bu_summary.dd
             2AA              DD2E  bu_summary.skip
             2AD              DD31  bu_summary.done
             2AE              DD32  A_STRLEN_wrap
             2B1              DD35  A_STRLEN_wrap.l
             2BA              DD3E  A_STRLEN_wrap.r
             2BE              DD42  bu_value
             2D8              DD5C  bu_value.r
             2D9              DD5D  bu_value.fn
             2DB              DD5F  buf_begin
             2DF              DD63  buf_end
             2E6              DD6A  put_ch
             2EA              DD6E  put_str
             2F4              DD78  put_str.r
             2F5              DD79  put_num
             2FD              DD81  put_num.d
             30A              DD8E  put_num.o
             313              DD97  put_chs
             335              DDB9  num_k
             339              DDBD  num_k32
             346              DDCA  f_cpu
             351              DDD5  f_cpu.ok
             35D              DDE1  f_mhz
             38A              DE0E  f_fpu
             397              DE1B  f_fpu.r
             398              DE1C  f_base
             3A3              DE27  ext_kb
             3AC              DE30  ext_kb.r
             3AD              DE31  f_ext
             3B2              DE36  f_total
             3C2              DE46  f_fda
             3CA              DE4E  f_fdb
             3CF              DE53  floppy
             3E5              DE69  floppy.r
             3E6              DE6A  f_video
             3F5              DE79  drv_get
             401              DE85  drv_get.d
             403              DE87  drv_get.t
             40F              DE93  drv_get.h
             421              DEA5  drv_get.c
             42B              DEAF  drv_get.rom
             445              DEC9  drv_get.chk
             453              DED7  drv_get.none
             455              DED9  f_c0
             459              DEDD  f_d0
             45B              DEDF  drv_size
             464              DEE8  drv_size.ok
             497              DF1B  f_c1
             49B              DF1F  f_d1
             49D              DF21  drv_phys
             4AB              DF2F  drv_none
             4AE              DF32  f_c2
             4B2              DF36  f_d2
             4B4              DF38  drv_log
             4C3              DF47  drv_log.xl
             4DF              DF63  drv_log.ok
             4F0              DF74  dt_range1
             503              DF87  dt_range1.bad
             505              DF89  dt_bcd
             50D              DF91  code_end
             50D              DF91  ext48
             564              DFE8  ext48.tot
             578              DFFC  s_low

---- Section data -------------------------------------------------------------

Real              Virtual           Name
             800              7902  bu_tloop
             80B              790D  bu_tloop.l
             81E              7920  bu_tloop_end
             81E              7920  bu_edkey
             832              7934  bu_edkey.fwd
             837              7939  bu_edkey.esc
             83A              793C  bu_edkey.r
             83B              793D  bu_stdkey
             851              7953  bu_stdkey.tab
             862              7964  bu_stdkey.fwd
             867              7969  bu_stdkey.esc
             86A              796C  bu_stdkey.r
             86B              796D  bu_dtkey
             87D              797F  bu_detect
             8DD              79DF  bu_detect.clock
             90E              7A10  bu_detect.nofpu
             955              7A57  bu_detect.k
             96B              7A6D  bu_detect.sn
             97A              7A7C  bu_detect.abs
             985              7A87  bu_detect.store
             988              7A8A  bu_detect.done
             98B              7A8D  clock_k
             997              7A99  clock_std
             9B9              7ABB  page_handlers
             9BF              7AC1  tab_table
             9D1              7AD3  tools_list
             9F4              7AF6  exit_list
             A02              7B04  sum_table
             A93              7B95  cpu_names
             A9B              7B9D  dt_fields
             AB5              7BB7  video_names
             ABD              7BBF  tab_attrs
             ACD              7BCF  s_title
             B1D              7C1F  s_tab0
             B27              7C29  s_tab1
             B32              7C34  s_tab2
             B3D              7C3F  s_tab3
             B47              7C49  s_tab4
             B4F              7C51  s_tab5
             B56              7C58  s_foot_main
             BAB              7CAD  s_tagline
             BE3              7CE5  s_it_def
             BFC              7CFE  s_it_pon
             C13              7D15  s_it_pwd
             C23              7D25  s_it_det
             C39              7D3B  s_it_sav
             C50              7D52  s_it_qut
             C64              7D66  l_cpu
             C6D              7D6F  l_clock
             C77              7D79  l_fpu
             C81              7D83  l_chip
             C89              7D8B  l_base
             C95              7D97  l_ext
             CA5              7DA7  l_total
             CB2              7DB4  l_cache
             CC1              7DC3  l_vshad
             CCE              7DD0  l_sshad
             CDC              7DDE  l_core
             CE6              7DE8  l_ver
             CED              7DEF  l_fda
             CF7              7DF9  l_fdb
             D01              7E03  l_hdc
             D0E              7E10  l_hdd
             D1B              7E1D  l_phys
             D28              7E2A  l_log
             D37              7E39  l_boot
             D45              7E47  l_numl
             D52              7E54  l_pwd
             D61              7E63  l_video
             D6F              7E71  s_chipset
             D7E              7E80  s_core
             D8F              7E91  s_ver
             D93              7E95  s_386
             D99              7E9B  s_486
             D9F              7EA1  s_586
             DA7              7EA9  s_686
             DB1              7EB3  s_mhz
             DB6              7EB8  s_present
             DBE              7EC0  s_none
             DC3              7EC5  s_notrans
             DCE              7ED0  s_mb_type
             DD5              7ED7  data_end
             DD5              7ED7  cmos_sum
             DED              7EEF  s_st_setup

---- Section code2 ------------------------------------------------------------

Real              Virtual           Name
            1000              7F14  bu_dtentry
            1017              7F2B  bu_dtentry.find
            1025              7F39  bu_dtentry.none
            1029              7F3D  bu_dtentry.found
            1032              7F46  bu_dtentry.digit
            1054              7F68  bu_dtentry.key
            1060              7F74  bu_dtentry.nd
            107B              7F8F  bu_dtentry.ne
            108C              7FA0  bu_dtentry.enter
            1094              7FA8  bu_dtentry.cancel
            1099              7FAD  bu_dtentry.done
            10AA              7FBE  dt_echo
            10BB              7FCF  dt_echo.pad
            10C5              7FD9  dt_echo.pz
            10D9              7FED  dots_or
            10E3              7FF7  dots_or.p
            10E6              7FFA  s_dots

---- Section code3 ------------------------------------------------------------

Real              Virtual           Name
            1400              7856  dt_commit
            142C              7882  dt_commit.y4
            144F              78A5  dt_commit.mon
            145B              78B1  dt_commit.day
            1467              78BD  dt_commit.time
            1487              78DD  dt_commit.min
            148B              78E1  dt_commit.hour
            1497              78ED  dt_commit.sett
            149B              78F1  dt_commit.show
            149E              78F4  code3_end
            149E              78F4  s_fpu387

---- Section post1 ------------------------------------------------------------

Real              Virtual           Name
            1800              39C0  bu_post_init
            1812              39D2  bu_post_init.scan
            181F              39DF  bu_post_init.splash
            1825              39E5  bu_post_init.go
            1844              3A04  bu_post_init.first
            1863              3A23  bu_post_init.draw
            1872              3A32  bu_refresh
            1899              3A59  bu_refresh.mode
            18B2              3A72  bu_refresh.keep
            18B5              3A75  bu_refresh.vals
            18BA              3A7A  bu_delmsg
            18C2              3A82  bu_wait
            18E2              3AA2  bu_wait.c
            18ED              3AAD  bu_wait.d
            18F5              3AB5  status
            1905              3AC5  leave_line
            1908              3AC8  leave_cur
            190B              3ACB  hook_ret
            1912              3AD2  enter
            191E              3ADE  bu_errors
            1947              3B07  bu_errors.go
            1950              3B10  bu_memshow
            1967              3B27  bu_memshow.base
            1969              3B29  bu_memshow.set
            1977              3B37  cmos_ext
            198A              3B4A  ide_errcode
            19AB              3B6B  ide_errcode.r
            19AC              3B6C  post1_end
            19AC              3B6C  tl_head
            19B7              3B77  tl_head_end
            19B7              3B77  clock_k32

---- Section post2 ------------------------------------------------------------

Real              Virtual           Name
            1C00              3B8F  bu_chime
            1C0F              3B9E  bu_chime.note
            1C2E              3BBD  wait_units
            1C32              3BC1  wait_units.o
            1C36              3BC5  wait_units.t
            1C3C              3BCB  wait_units.t2
            1C4B              3BDA  wait_units.r
            1C4C              3BDB  cpu_detect
            1C60              3BEF  cpu_detect.ac
            1C89              3C18  cpu_detect.fam
            1C90              3C1F  flip
            1CAD              3C3C  rtc_now
            1CBF              3C4E  bcd_cmos
            1CCC              3C5B  vid_es
            1CE9              3C78  vid_es.set
            1CF0              3C7F  attr
            1D06              3C95  goto
            1D16              3CA5  set_cursor
            1D1D              3CAC  text_at
            1D23              3CB2  pstr
            1D2C              3CBB  pstr.r
            1D2D              3CBC  fill_at
            1D3C              3CCB  clear_at
            1D42              3CD1  pdec
            1D45              3CD4  pdec.d
            1D66              3CF5  pdec.o
            1D72              3D01  pdec.e
            1D74              3D03  pnum
            1D7C              3D0B  phex
            1D7C              3D0B  phex.l
            1D8F              3D1E  value_attr
            1D97              3D26  value_at
            1D9B              3D2A  pstr_v
            1D9F              3D2E  early_ports
            1DA4              3D33  early_ports.com
            1DB6              3D45  early_ports.nc
            1DBF              3D4E  early_ports.lpt
            1DD6              3D65  early_ports.nl
            1DDD              3D6C  early_ports.t
            1DE6              3D75  draw_all
            1E05              3D94  draw_all.lab
            1E1A              3DA9  draw_all.labd
            1E44              3DD3  draw_all.intel
            1E4C              3DDB  draw_all.i
            1E56              3DE5  draw_all.cpu
            1E6F              3DFE  draw_status
            1E92              3E21  draw_memory
            1EAD              3E3C  draw_memory.bar
            1EE1              3E70  draw_floppies
            1EF6              3E85  draw_floppies.one
            1F0B              3E9A  draw_floppies.p
            1F0E              3E9D  disk_geo
            1F1A              3EA9  disk_geo.d
            1F27              3EB6  disk_geo.h
            1F37              3EC6  disk_geo.c
            1F62              3EF1  disk_geo.rom
            1F7B              3F0A  disk_geo.chk
            1F87              3F16  disk_geo.none
            1F89              3F18  draw_disk
            1FB8              3F47  draw_disk.yes
            1FC8              3F57  draw_disk.t
            1FDC              3F6B  draw_disk.nt
            2014              3FA3  draw_disk.lc
            201F              3FAE  draw_disk.size
            2047              3FD6  draw_disk.r
            2048              3FD7  pchs
            2061              3FF0  slash
            2067              3FF6  ide_wait
            206E              3FFD  ide_wait.o
            2072              4001  ide_wait.i
            2082              4011  ide_wait.t
            208E              401D  ide_wait.tg
            209C              402B  ide_wait.err
            20A1              4030  ide_wait.ok
            20A6              4035  auto_set
            20C4              4053  auto_set.write
            20D1              4060  auto_set.c
            20E9              4078  auto_set.p
            2110              409F  auto_set.cb
            2124              40B3  cmos_csum
            2128              40B7  cmos_csum.s
            2143              40D2  auto_set.r
            2144              40D3  auto_set.wr
            214A              40D9  s_countdown
            2181              4110  fpu_probe
            21BA              4149  fpu_probe.no
            21C0              414F  stat_text
            21D2              4161  stat_text.r
            21D3              4162  s_video
            21D9              4168  post2_end

---- Section post3 ------------------------------------------------------------

Real              Virtual           Name
            2400              429D  fill_values
            2426              42C3  fill_values.fp
            2447              42E4  fill_values.clk
            2461              42FE  fill_values.cache
            2490              432D  fill_values.nocache
            2496              4333  fill_values.shadow
            24C9              4366  fill_values.sys
            24CC              4369  fill_values.shp
            24CF              436C  fill_values.shd
            24DE              437B  fill_values.bat
            24F6              4393  fill_values.port
            2506              43A3  fill_values.pc
            251F              43BC  fill_values.pn
            2531              43CE  fill_values.roms0
            253C              43D9  fill_values.rom
            257A              4417  fill_values.r2
            257D              441A  fill_values.rn
            258E              442B  fill_values.done
            258F              442C  bu_final
            25AF              444C  bu_final.ncf
            25DC              4479  bu_final.bc
            2604              44A1  bu_final.t
            261A              44B7  bu_final.notime
            262A              44C7  bu_final.sec
            2637              44D4  bu_final.tick
            2655              44F2  bu_final.del
            2662              44FF  bu_final.key
            266C              4509  bu_final.boot
            2674              4511  bu_final.out
            2683              4520  bu_final.setup
            26A1              453E  bu_final.halt
            26A4              4541  bcd_raw
            26B9              4556  detect_disks
            26C0              455D  detect_disks.one
            26E0              457D  detect_disks.ask
            2722              45BF  detect_disks.later
            2728              45C5  detect_disks.jx
            272A              45C7  detect_disks.ok
            2743              45E0  detect_disks.cf
            2748              45E5  detect_disks.ncf
            279C              4639  detect_disks.auto
            27A7              4644  detect_disks.x
            27AA              4647  detect_disks.r
            27AB              4648  ide_id
            27E1              467E  ide_id.w
            27E7              4684  ide_id.f
            27F6              4693  ide_id.keep
            2801              469E  ide_id.m
            281B              46B8  ide_id.n
            2826              46C3  ide_id.none
            282A              46C7  ide_id.fail
            282C              46C9  ide_id.f2
            282D              46CA  ide_id.end
            2839              46D6  id_words
            284A              46E7  measure_clock
            28AD              474A  measure_clock.k
            28C4              4761  measure_clock.sn
            28D3              4770  measure_clock.abs
            28E0              477D  measure_clock.no
            28E1              477E  schemes
            2920              47BD  labels
            2981              481E  port_names
            299D              483A  ps_title
            29BF              485C  ps_title_r
            29E1              487E  pl_cpu
            29EB              4888  pl_fpu
            29F7              4894  pl_clock
            29FD              489A  pl_cache
            2A03              48A0  pl_shadow
            2A0E              48AB  pl_bios
            2A13              48B0  pl_rtc
            2A1F              48BC  pl_mem
            2A26              48C3  pl_diskc
            2A2E              48CB  pl_diskd
            2A36              48D3  pl_ports
            2A3C              48D9  pl_roms
            2A48              48E5  s_bioscore
            2A62              48FF  s_cyrix
            2A6C              4909  s_fpuint
            2A74              4911  s_kb
            2A78              4915  s_mb
            2A7C              4919  s_type
            2A82              491F  s_auto
            2A87              4924  s_lba
            2A8C              4929  s_arrow
            2A94              4931  s_disabled
            2A9D              493A  s_system
            2AA4              4941  s_plus
            2AA8              4945  s_st_del
            2ABF              495C  s_st_dev
            2AD4              4971  s_st_err
            2AE9              4986  s_st_bootc
            2AFD              499A  s_st_boota
            2B11              49AE  s_post
            2B19              49B6  s_sec
            2B1C              49B9  auto_on
            2B34              49D1  auto_on.off
            2B38              49D5  post3_end

---- Section lba --------------------------------------------------------------

Real              Virtual           Name
            2C00              3292  bu_int13
            2C11              32A3  bu_int13.orig
            2C17              32A9  ext13
            2C6F              3301  ext13.cmd
            2CAF              3341  ext13.v
            2D23              33B5  ext13.lbamode
            2D3E              33D0  ext13.dh
            2D63              33F5  ext13.sect
            2D81              3413  ext13.wr
            2D8B              341D  ext13.adv
            2D99              342B  ext13.last
            2DB7              3449  ext13.err
            2DBA              344C  ext13.cnt
            2DC2              3454  ext_bad
            2DC6              3458  ext_ok
            2DC8              345A  ext_done
            2DD6              3468  ext_ret
            2DE3              3475  ext_ret.c0
            2DE4              3476  ext_ret.cf
            2DEC              347E  lba_end
            2DEC              347E  s_ok

---- Section tools ------------------------------------------------------------

Real              Virtual           Name
            3000              19B0  bu_autolabel
            300A              19BA  bu_autolabel.c
            301C              19CC  bu_autolabel.s
            3025              19D5  bu_autotoggle
            302E              19DE  bu_autotoggle.w
            3044              19F4  ext41
            305E              1A0E  s_it_auto
            307A              1A2A  s_on
            307D              1A2D  s_off
            3081              1A31  s_help_auto
            30B7              1A67  s_st_mem
            30CA              1A7A  tools_end

---- Section mem --------------------------------------------------------------

Real              Virtual           Name
            3200              4EAA  hd_remove
            3214              4EBE  hd_remove.c
            321E              4EC8  hd_remove.r
            321F              4EC9  cf_chgline
            3227              4ED1  cf_chgline.r
            3228              4ED2  mem_end

---- Section wait -------------------------------------------------------------

Real              Virtual           Name
            3300              76AC  s_cx486dlc

