
- NASM Map file ---------------------------------------------------------------

Source file:  /home/claude/repo/BUBios2/asm/bubios.asm
Output file:  /home/claude/repo/BUBios2/asm/bubios.bin

-- Program origin -------------------------------------------------------------

00000000

-- Sections (summary) ---------------------------------------------------------

Vstart            Start             Stop              Length    Class     Name
               0                 0                 0  00000000  progbits  .text
            DA84                 0               503  00000503  progbits  code
            7902               800               DCE  000005CE  progbits  data
            7F14              1000              10D9  000000D9  progbits  code2
            7856              1400              149E  0000009E  progbits  code3
            39C0              1800              18F3  000000F3  progbits  post1
            3B8F              1C00              20C9  000004C9  progbits  post2
            429D              2400              29CC  000005CC  progbits  post3

-- Sections (detailed) --------------------------------------------------------

---- Section .text ------------------------------------------------------------

class:     progbits
length:                   0
start:                    0
align:     not defined
follows:   not defined
vstart:                   0
valign:    not defined
vfollows:  not defined

---- Section code -------------------------------------------------------------

class:     progbits
length:                 503
start:                    0
align:     not defined
follows:   not defined
vstart:                DA84
valign:    not defined
vfollows:  not defined

---- Section data -------------------------------------------------------------

class:     progbits
length:                 5CE
start:                  800
align:     not defined
follows:   not defined
vstart:                7902
valign:    not defined
vfollows:  not defined

---- Section code2 ------------------------------------------------------------

class:     progbits
length:                  D9
start:                 1000
align:     not defined
follows:   not defined
vstart:                7F14
valign:    not defined
vfollows:  not defined

---- Section code3 ------------------------------------------------------------

class:     progbits
length:                  9E
start:                 1400
align:     not defined
follows:   not defined
vstart:                7856
valign:    not defined
vfollows:  not defined

---- Section post1 ------------------------------------------------------------

class:     progbits
length:                  F3
start:                 1800
align:     not defined
follows:   not defined
vstart:                39C0
valign:    not defined
vfollows:  not defined

---- Section post2 ------------------------------------------------------------

class:     progbits
length:                 4C9
start:                 1C00
align:     not defined
follows:   not defined
vstart:                3B8F
valign:    not defined
vfollows:  not defined

---- Section post3 ------------------------------------------------------------

class:     progbits
length:                 5CC
start:                 2400
align:     not defined
follows:   not defined
vstart:                429D
valign:    not defined
vfollows:  not defined

-- Symbols --------------------------------------------------------------------

---- No Section ---------------------------------------------------------------

Value     Name
000084CB  A_RDCMOS
00005077  A_VIDINIT
00000995  A_CUROFF
000054AE  A_SETUPOK
00003704  A_NOSETUP
00005199  A_BOX
0000520E  A_FILL
0000526E  A_HLINE
00005286  A_VLINE
000052DF  A_PRINT
000052BB  A_PRINTB
000052D2  A_PRINTC
000052FA  A_PUTCH
0000390F  A_FOOTER
0000530E  A_GETKEY
000050BA  A_COLOUR
000029DD  A_SAVEEXIT
000029EC  A_QUIT
00005B21  A_VALSTR
000000EC  H_STD
00000BDE  H_ADV
00000C05  H_CHIP
00005486  H_DEF
0000F1C8  H_PWD
00004A44  H_DETECT
000076F5  CALC_FACTOR
000008CD  A_STDKEY
00006180  A_GETDATE
000061BA  A_GETTIME
00005FCB  A_SETDATE
00006022  A_DTSHOW
0000BDE7  R_EXTCACHE
0000BE8F  R_VSHADOW
0000C057  R_SSHADOW
0000BDA3  R_BOOTSEQ
0000BD1D  R_NUMLOCK
0000BE6D  R_PASSWORD
00006F35  S_FLOPPY
00006F8A  S_MONO
00006F9B  S_COL80
00006FAC  S_COL40
00006FBD  S_VGA
00002D4F  S_HELP_DEF
00002D9B  S_HELP_PON
00002DE5  S_HELP_PWD
00002E11  S_HELP_DET
00002E7C  S_HELP_SAV
00002E75  S_HELP_QUT
0000E000  CMOS
0000E182  V_KEY
0000E187  V_ITEM
0000E18F  V_REC
0000E197  V_VSTR
0000E19F  V_ATTR
0000E1A2  C_CONTENT
0000E1A3  C_SEL
0000E1A8  C_HDR
00008292  AMI_VSTR
00004FF4  AMI_VIDSEG
0000EF80  BU_TAB
0000EF81  BU_PEND
0000EF82  BU_SEL
0000EF84  BU_MHZ
0000EF86  BU_CPU
0000EF87  BU_FPU
0000EF88  BU_DTPOS
0000EF8A  BU_DTW
0000EF90  BU_BUF
00000006  NTABS
00000012  LBLW
00000007  ITEMSZ
0000F42E  P_BIOSID
0000EE94  P_CMOSRD
00008EE3  P_CHIPRD
00008300  P_OPTION
0000AF07  P_IDEID
00008078  S_BIOSID
0000B870  O_BOOTSEQ
000000F0  ST_FLAG
000000B2  FLAG_UP
000000F1  ST_CPU
000000F2  ST_FPU
000000F3  ST_SCH
000000F4  ST_T0
000000F6  ST_UNITS
000000F8  ST_TOTAL
000000FA  ST_STAT
000000FC  ST_MHZ
000007C0  TLOOP_SEG
00007E00  IDBUF
00000000  AT_BG
00000001  AT_TITLE
00000002  AT_LABEL
00000003  AT_VALUE
00000004  AT_FILL
00000005  AT_EMPTY
00000006  AT_ACCENT
00000007  AT_ERR
00000008  AT_STAT
00000009  NATTR
00000002  R_SYS
00000007  R_MEM
0000000A  R_FDD
0000000B  R_HDC
0000000F  R_PORTS
00000010  R_ROMS
00000011  R_LINE
00000012  R_MSG
00000015  R_AMI
00000018  R_STAT
00000002  C_LBL
0000000F  C_VAL
0000002A  C_RLBL
00000037  C_RVAL
00000028  BAR_W
00000020  MAP_MAX


---- Section code -------------------------------------------------------------

Real              Virtual           Name
               0              DA84  bu_main
              21              DAA5  bu_main.loop
              4D              DAD1  bu_main.menu
              8B              DB0F  bu_main.esc
              96              DB1A  bu_main.set
              A0              DB24  bu_main.next
              A4              DB28  bu_main.prev
              A6              DB2A  bu_main.step
              AE              DB32  bu_main.s1
              B6              DB3A  bu_main.up
              CC              DB50  bu_main.down
              E0              DB64  bu_main.sel
              E6              DB6A  bu_main.enter
              FE              DB82  bu_main.f10
             109              DB8D  bu_main.colour
             10F              DB93  bu_list
             12B              DBAF  bu_list.r
             12C              DBB0  bu_item
             138              DBBC  bu_hdr
             16C              DBF0  bu_hdr.tab
             178              DBFC  bu_hdr.t1
             1A6              DC2A  bu_tabattr
             1BB              DC3F  bu_tabattr.r
             1BC              DC40  bu_draw_page
             1E5              DC69  bu_draw_page.item
             1F5              DC79  bu_draw_page.a
             238              DCBC  bu_draw_page.done
             239              DCBD  bu_summary
             256              DCDA  bu_summary.e
             290              DD14  bu_summary.dot
             29E              DD22  bu_summary.dd
             2A7              DD2B  bu_summary.skip
             2AA              DD2E  bu_summary.done
             2AB              DD2F  A_STRLEN_wrap
             2AE              DD32  A_STRLEN_wrap.l
             2B7              DD3B  A_STRLEN_wrap.r
             2BB              DD3F  bu_value
             2D5              DD59  bu_value.r
             2D6              DD5A  bu_value.fn
             2D8              DD5C  buf_begin
             2DC              DD60  buf_end
             2E3              DD67  put_ch
             2E7              DD6B  put_str
             2F1              DD75  put_str.r
             2F2              DD76  put_num
             2FA              DD7E  put_num.d
             307              DD8B  put_num.o
             310              DD94  put_chs
             332              DDB6  num_k
             343              DDC7  f_cpu
             34E              DDD2  f_cpu.ok
             35A              DDDE  f_mhz
             387              DE0B  f_fpu
             394              DE18  f_fpu.r
             395              DE19  f_base
             3A0              DE24  ext_kb
             3A9              DE2D  ext_kb.r
             3AA              DE2E  f_ext
             3AF              DE33  f_total
             3B8              DE3C  f_fda
             3C0              DE44  f_fdb
             3C5              DE49  floppy
             3DB              DE5F  floppy.r
             3DC              DE60  f_video
             3EB              DE6F  drv_get
             3F7              DE7B  drv_get.d
             3F9              DE7D  drv_get.t
             405              DE89  drv_get.h
             417              DE9B  drv_get.c
             421              DEA5  drv_get.rom
             43B              DEBF  drv_get.chk
             449              DECD  drv_get.none
             44B              DECF  f_c0
             44F              DED3  f_d0
             451              DED5  drv_size
             45A              DEDE  drv_size.ok
             48D              DF11  f_c1
             491              DF15  f_d1
             493              DF17  drv_phys
             4A1              DF25  drv_none
             4A4              DF28  f_c2
             4A8              DF2C  f_d2
             4AA              DF2E  drv_log
             4B9              DF3D  drv_log.xl
             4D5              DF59  drv_log.ok
             4E6              DF6A  dt_range1
             4F9              DF7D  dt_range1.bad
             4FB              DF7F  dt_bcd
             503              DF87  code_end

---- Section data -------------------------------------------------------------

Real              Virtual           Name
             800              7902  bu_tloop
             80B              790D  bu_tloop.l
             81E              7920  bu_tloop_end
             81E              7920  bu_edkey
             832              7934  bu_edkey.fwd
             837              7939  bu_edkey.esc
             83A              793C  bu_edkey.r
             83B              793D  bu_stdkey
             851              7953  bu_stdkey.tab
             862              7964  bu_stdkey.fwd
             867              7969  bu_stdkey.esc
             86A              796C  bu_stdkey.r
             86B              796D  bu_dtkey
             87D              797F  bu_detect
             8DD              79DF  bu_detect.clock
             90E              7A10  bu_detect.nofpu
             955              7A57  bu_detect.k
             96B              7A6D  bu_detect.sn
             97A              7A7C  bu_detect.abs
             985              7A87  bu_detect.store
             988              7A8A  bu_detect.done
             98B              7A8D  clock_k
             997              7A99  clock_std
             9B9              7ABB  page_handlers
             9BF              7AC1  tab_table
             9D1              7AD3  tools_list
             9ED              7AEF  exit_list
             9FB              7AFD  sum_table
             A8C              7B8E  cpu_names
             A94              7B96  dt_fields
             AAE              7BB0  video_names
             AB6              7BB8  tab_attrs
             AC6              7BC8  s_title
             B16              7C18  s_tab0
             B20              7C22  s_tab1
             B2B              7C2D  s_tab2
             B36              7C38  s_tab3
             B40              7C42  s_tab4
             B48              7C4A  s_tab5
             B4F              7C51  s_foot_main
             BA4              7CA6  s_tagline
             BDC              7CDE  s_it_def
             BF5              7CF7  s_it_pon
             C0C              7D0E  s_it_pwd
             C1C              7D1E  s_it_det
             C32              7D34  s_it_sav
             C49              7D4B  s_it_qut
             C5D              7D5F  l_cpu
             C66              7D68  l_clock
             C70              7D72  l_fpu
             C7A              7D7C  l_chip
             C82              7D84  l_base
             C8E              7D90  l_ext
             C9E              7DA0  l_total
             CAB              7DAD  l_cache
             CBA              7DBC  l_vshad
             CC7              7DC9  l_sshad
             CD5              7DD7  l_core
             CDF              7DE1  l_ver
             CE6              7DE8  l_fda
             CF0              7DF2  l_fdb
             CFA              7DFC  l_hdc
             D07              7E09  l_hdd
             D14              7E16  l_phys
             D21              7E23  l_log
             D30              7E32  l_boot
             D3E              7E40  l_numl
             D4B              7E4D  l_pwd
             D5A              7E5C  l_video
             D68              7E6A  s_chipset
             D77              7E79  s_core
             D88              7E8A  s_ver
             D8C              7E8E  s_386
             D92              7E94  s_486
             D98              7E9A  s_586
             DA0              7EA2  s_686
             DAA              7EAC  s_mhz
             DAF              7EB1  s_present
             DB7              7EB9  s_none
             DBC              7EBE  s_notrans
             DC7              7EC9  s_mb_type
             DCE              7ED0  data_end

---- Section code2 ------------------------------------------------------------

Real              Virtual           Name
            1000              7F14  bu_dtentry
            1017              7F2B  bu_dtentry.find
            1025              7F39  bu_dtentry.none
            1029              7F3D  bu_dtentry.found
            1032              7F46  bu_dtentry.digit
            1054              7F68  bu_dtentry.key
            1060              7F74  bu_dtentry.nd
            107B              7F8F  bu_dtentry.ne
            108C              7FA0  bu_dtentry.enter
            1094              7FA8  bu_dtentry.cancel
            1099              7FAD  bu_dtentry.done
            10AA              7FBE  dt_echo
            10BB              7FCF  dt_echo.pad
            10C5              7FD9  dt_echo.pz

---- Section code3 ------------------------------------------------------------

Real              Virtual           Name
            1400              7856  dt_commit
            142C              7882  dt_commit.y4
            144F              78A5  dt_commit.mon
            145B              78B1  dt_commit.day
            1467              78BD  dt_commit.time
            1487              78DD  dt_commit.min
            148B              78E1  dt_commit.hour
            1497              78ED  dt_commit.sett
            149B              78F1  dt_commit.show
            149E              78F4  code3_end

---- Section post1 ------------------------------------------------------------

Real              Virtual           Name
            1800              39C0  bu_post_init
            181E              39DE  bu_post_init.first
            1831              39F1  bu_post_init.draw
            1839              39F9  bu_refresh
            1856              3A16  bu_delmsg
            185E              3A1E  bu_wait
            1864              3A24  status
            1874              3A34  leave_line
            1877              3A37  leave_cur
            187A              3A3A  hook_ret
            1881              3A41  enter
            188D              3A4D  bu_errors
            18B6              3A76  bu_errors.go
            18BF              3A7F  bu_memshow
            18D6              3A96  bu_memshow.base
            18E8              3AA8  bu_memshow.set
            18F3              3AB3  post1_end

---- Section post2 ------------------------------------------------------------

Real              Virtual           Name
            1C00              3B8F  bu_chime
            1C0F              3B9E  bu_chime.note
            1C24              3BB3  bu_chime.t
            1C2A              3BB9  bu_chime.t2
            1C3B              3BCA  cpu_detect
            1C4F              3BDE  cpu_detect.ac
            1C78              3C07  cpu_detect.fam
            1CB3              3C42  cpu_detect.nofpu
            1CB9              3C48  flip
            1CD6              3C65  rtc_now
            1CE8              3C77  bcd_cmos
            1CF5              3C84  vid_es
            1D12              3CA1  vid_es.set
            1D19              3CA8  attr
            1D2D              3CBC  goto
            1D3D              3CCC  set_cursor
            1D44              3CD3  text_at
            1D4A              3CD9  pstr
            1D53              3CE2  pstr.r
            1D54              3CE3  fill_at
            1D63              3CF2  pdec
            1D66              3CF5  pdec.d
            1D87              3D16  pdec.o
            1D93              3D22  pdec.e
            1D95              3D24  pnum
            1D9D              3D2C  phex
            1D9D              3D2C  phex.l
            1DB0              3D3F  value_attr
            1DB8              3D47  draw_all
            1DDB              3D6A  draw_all.lab
            1DF0              3D7F  draw_all.labd
            1E33              3DC2  draw_all.intel
            1E3B              3DCA  draw_all.i
            1E45              3DD4  draw_all.cpu
            1E62              3DF1  draw_all.fpu
            1E78              3E07  draw_status
            1E9C              3E2B  value_at
            1EA1              3E30  draw_memory
            1EBC              3E4B  draw_memory.bar
            1F14              3EA3  draw_memory.sc
            1F20              3EAF  draw_memory.scok
            1F29              3EB8  draw_memory.cell
            1F3B              3ECA  draw_memory.c1
            1F66              3EF5  draw_memory.done
            1F67              3EF6  draw_floppies
            1F7C              3F0B  draw_floppies.one
            1F91              3F20  draw_floppies.p
            1F94              3F23  disk_geo
            1FA0              3F2F  disk_geo.d
            1FAD              3F3C  disk_geo.h
            1FBD              3F4C  disk_geo.c
            1FE8              3F77  disk_geo.rom
            2001              3F90  disk_geo.chk
            200D              3F9C  disk_geo.none
            200F              3F9E  draw_disk
            2024              3FB3  draw_disk.yes
            2075              4004  draw_disk.lc
            2080              400F  draw_disk.size
            20AA              4039  pchs
            20C3              4052  slash
            20C9              4058  post2_end

---- Section post3 ------------------------------------------------------------

Real              Virtual           Name
            2400              429D  bu_final
            2477              4314  bu_final.nocache
            24AA              4347  bu_final.sys
            24AD              434A  bu_final.shp
            24B2              434F  bu_final.shd
            24C1              435E  bu_final.bat
            24DE              437B  bu_final.port
            24EF              438C  bu_final.pc
            2508              43A5  bu_final.pn
            2519              43B6  bu_final.roms
            2524              43C1  bu_final.rom
            2563              4400  bu_final.r2
            2566              4403  bu_final.rn
            2577              4414  bu_final.stat
            258C              4429  bu_final.bc
            25B1              444E  bu_final.t
            25CB              4468  bu_final.notime
            25F2              448F  bu_final.cs
            25FC              4499  bu_final.out
            260B              44A8  pstr_v
            2610              44AD  disk_name
            2653              44F0  disk_name.trim
            2664              4501  disk_name.r
            2665              4502  disk_name.show
            2667              4504  disk_name.ch
            2678              4515  measure_clock
            26CF              456C  measure_clock.k
            26E6              4583  measure_clock.sn
            26F5              4592  measure_clock.abs
            26FF              459C  measure_clock.st
            2703              45A0  schemes
            2742              45DF  labels
            27A3              4640  port_names
            27BF              465C  ps_title
            27E1              467E  ps_title_r
            2803              46A0  pl_cpu
            280D              46AA  pl_fpu
            2819              46B6  pl_clock
            281F              46BC  pl_cache
            2825              46C2  pl_shadow
            2830              46CD  pl_bios
            2835              46D2  pl_rtc
            2841              46DE  pl_mem
            2848              46E5  pl_diskc
            2850              46ED  pl_diskd
            2858              46F5  pl_ports
            285E              46FB  pl_roms
            286A              4707  s_bioscore
            2884              4721  s_cx486dlc
            2891              472E  s_cyrix
            289B              4738  s_fpu387
            28A7              4744  s_fpuint
            28AF              474C  s_kb
            28B3              4750  s_mb
            28B7              4754  s_blocks
            28C2              475F  s_type
            28C8              4765  s_arrow
            28D0              476D  s_disabled
            28D9              4776  s_video
            28DF              477C  s_system
            28E6              4783  s_plus
            28EA              4787  s_ok
            28ED              478A  s_low
            28F1              478E  s_noid
            2904              47A1  s_st_mem
            2917              47B4  s_st_del
            292E              47CB  s_st_dev
            2943              47E0  s_st_err
            2958              47F5  s_st_bootc
            296C              4809  s_st_boota
            2980              481D  s_post
            2988              4825  s_amicopy
            29A6              4843  s_bucopy
            29C9              4866  s_sec
            29CC              4869  post3_end

