
- NASM Map file ---------------------------------------------------------------

Source file:  /home/claude/repo/BUBios2/asm/bubios.asm
Output file:  /home/claude/repo/BUBios2/asm/bubios.bin

-- Program origin -------------------------------------------------------------

00000000

-- Sections (summary) ---------------------------------------------------------

Vstart            Start             Stop              Length    Class     Name
               0                 0                 0  00000000  progbits  .text
            DA84                 0               571  00000571  progbits  code
            7902               800               DD5  000005D5  progbits  data
            7F14              1000              10D9  000000D9  progbits  code2
            7856              1400              149E  0000009E  progbits  code3
            39C0              1800              19BC  000001BC  progbits  post1
            3B8F              1C00              21CE  000005CE  progbits  post2
            429D              2400              2B28  00000728  progbits  post3
            3292              2C00              2DEC  000001EC  progbits  lba
            19B0              3000              30B7  000000B7  progbits  tools

-- Sections (detailed) --------------------------------------------------------

---- Section .text ------------------------------------------------------------

class:     progbits
length:                   0
start:                    0
align:     not defined
follows:   not defined
vstart:                   0
valign:    not defined
vfollows:  not defined

---- Section code -------------------------------------------------------------

class:     progbits
length:                 571
start:                    0
align:     not defined
follows:   not defined
vstart:                DA84
valign:    not defined
vfollows:  not defined

---- Section data -------------------------------------------------------------

class:     progbits
length:                 5D5
start:                  800
align:     not defined
follows:   not defined
vstart:                7902
valign:    not defined
vfollows:  not defined

---- Section code2 ------------------------------------------------------------

class:     progbits
length:                  D9
start:                 1000
align:     not defined
follows:   not defined
vstart:                7F14
valign:    not defined
vfollows:  not defined

---- Section code3 ------------------------------------------------------------

class:     progbits
length:                  9E
start:                 1400
align:     not defined
follows:   not defined
vstart:                7856
valign:    not defined
vfollows:  not defined

---- Section post1 ------------------------------------------------------------

class:     progbits
length:                 1BC
start:                 1800
align:     not defined
follows:   not defined
vstart:                39C0
valign:    not defined
vfollows:  not defined

---- Section post2 ------------------------------------------------------------

class:     progbits
length:                 5CE
start:                 1C00
align:     not defined
follows:   not defined
vstart:                3B8F
valign:    not defined
vfollows:  not defined

---- Section post3 ------------------------------------------------------------

class:     progbits
length:                 728
start:                 2400
align:     not defined
follows:   not defined
vstart:                429D
valign:    not defined
vfollows:  not defined

---- Section lba --------------------------------------------------------------

class:     progbits
length:                 1EC
start:                 2C00
align:     not defined
follows:   not defined
vstart:                3292
valign:    not defined
vfollows:  not defined

---- Section tools ------------------------------------------------------------

class:     progbits
length:                  B7
start:                 3000
align:     not defined
follows:   not defined
vstart:                19B0
valign:    not defined
vfollows:  not defined

-- Symbols --------------------------------------------------------------------

---- No Section ---------------------------------------------------------------

Value     Name
000084CB  A_RDCMOS
00005077  A_VIDINIT
00000995  A_CUROFF
000054AE  A_SETUPOK
00003704  A_NOSETUP
00005199  A_BOX
0000520E  A_FILL
0000526E  A_HLINE
00005286  A_VLINE
000052DF  A_PRINT
000052BB  A_PRINTB
000052D2  A_PRINTC
000052FA  A_PUTCH
0000390F  A_FOOTER
0000530E  A_GETKEY
000050BA  A_COLOUR
000029DD  A_SAVEEXIT
000029EC  A_QUIT
00005B21  A_VALSTR
000000EC  H_STD
00000BDE  H_ADV
00000C05  H_CHIP
00005486  H_DEF
0000F1C8  H_PWD
00004A44  H_DETECT
000076F5  CALC_FACTOR
000008CD  A_STDKEY
00006180  A_GETDATE
000061BA  A_GETTIME
00005FCB  A_SETDATE
00006022  A_DTSHOW
0000BDE7  R_EXTCACHE
0000BE8F  R_VSHADOW
0000C057  R_SSHADOW
0000BDA3  R_BOOTSEQ
0000BD1D  R_NUMLOCK
0000BE6D  R_PASSWORD
00006F35  S_FLOPPY
00006F8A  S_MONO
00006F9B  S_COL80
00006FAC  S_COL40
00006FBD  S_VGA
00002D4F  S_HELP_DEF
00002D9B  S_HELP_PON
00002DE5  S_HELP_PWD
00002E11  S_HELP_DET
00002E7C  S_HELP_SAV
00002E75  S_HELP_QUT
0000E000  CMOS
0000E182  V_KEY
0000E187  V_ITEM
0000E18F  V_REC
0000E197  V_VSTR
0000E19F  V_ATTR
0000E1A2  C_CONTENT
0000E1A3  C_SEL
0000E1A8  C_HDR
00008292  AMI_VSTR
00004FF4  AMI_VIDSEG
0000EF80  BU_TAB
0000EF81  BU_PEND
0000EF82  BU_SEL
0000EF84  BU_MHZ
0000EF86  BU_CPU
0000EF87  BU_FPU
0000EF88  BU_DTPOS
0000EF8A  BU_DTW
0000EF90  BU_BUF
00000006  NTABS
00000012  LBLW
00000007  ITEMSZ
0000F42E  P_BIOSID
0000EE94  P_CMOSRD
0000EE9D  P_CMOSWR
00008EE3  P_CHIPRD
00008300  P_OPTION
0000F104  P_SETUP
00008078  S_BIOSID
0000B870  O_BOOTSEQ
0000A3EC  INT13_CONT
0000A446  INT13_FLOP
0000007F  CM_FLAGS
0000007E  CM_CHECK
000000F0  ST_FLAG
000000B2  FLAG_UP
000000F1  ST_CPU
000000F2  ST_FPU
000000F3  ST_SCH
000000F4  ST_T0
000000F6  ST_UNITS
000000F8  ST_TOTAL
000000FA  ST_STAT
000000FC  ST_MHZ
000000FE  ST_DISK
000000FF  ST_MISC
000007C0  TLOOP_SEG
00000002  SPLASH_T
00000003  BOOT_T
00000042  T_SECOND
00000000  AT_BG
00000001  AT_TITLE
00000002  AT_LABEL
00000003  AT_VALUE
00000004  AT_FILL
00000005  AT_EMPTY
00000006  AT_ACCENT
00000007  AT_ERR
00000008  AT_STAT
00000009  NATTR
00000002  R_SYS
00000007  R_MEM
00000009  R_FDD
0000000A  R_HDC
0000000F  R_PORTS
00000010  R_ROMS
00000011  R_LINE
00000012  R_MSG
00000018  R_STAT
00000002  C_LBL
0000000F  C_VAL
0000002A  C_RLBL
00000037  C_RVAL
0000003A  C_LBA
00000028  BAR_W
0000EFC0  BU_AUTOLBL


---- Section code -------------------------------------------------------------

Real              Virtual           Name
               0              DA84  bu_main
              21              DAA5  bu_main.loop
              4D              DAD1  bu_main.menu
              8B              DB0F  bu_main.esc
              96              DB1A  bu_main.set
              A0              DB24  bu_main.next
              A4              DB28  bu_main.prev
              A6              DB2A  bu_main.step
              AE              DB32  bu_main.s1
              B6              DB3A  bu_main.up
              CC              DB50  bu_main.down
              E0              DB64  bu_main.sel
              E6              DB6A  bu_main.enter
              FE              DB82  bu_main.f10
             109              DB8D  bu_main.colour
             10F              DB93  bu_list
             12B              DBAF  bu_list.r
             12C              DBB0  bu_item
             138              DBBC  bu_hdr
             16C              DBF0  bu_hdr.tab
             178              DBFC  bu_hdr.t1
             1A6              DC2A  bu_tabattr
             1BB              DC3F  bu_tabattr.r
             1BC              DC40  bu_draw_page
             1E8              DC6C  bu_draw_page.item
             1F8              DC7C  bu_draw_page.a
             23B              DCBF  bu_draw_page.done
             23C              DCC0  bu_summary
             259              DCDD  bu_summary.e
             293              DD17  bu_summary.dot
             2A1              DD25  bu_summary.dd
             2AA              DD2E  bu_summary.skip
             2AD              DD31  bu_summary.done
             2AE              DD32  A_STRLEN_wrap
             2B1              DD35  A_STRLEN_wrap.l
             2BA              DD3E  A_STRLEN_wrap.r
             2BE              DD42  bu_value
             2D8              DD5C  bu_value.r
             2D9              DD5D  bu_value.fn
             2DB              DD5F  buf_begin
             2DF              DD63  buf_end
             2E6              DD6A  put_ch
             2EA              DD6E  put_str
             2F4              DD78  put_str.r
             2F5              DD79  put_num
             2FD              DD81  put_num.d
             30A              DD8E  put_num.o
             313              DD97  put_chs
             335              DDB9  num_k
             346              DDCA  f_cpu
             351              DDD5  f_cpu.ok
             35D              DDE1  f_mhz
             38A              DE0E  f_fpu
             397              DE1B  f_fpu.r
             398              DE1C  f_base
             3A3              DE27  ext_kb
             3AC              DE30  ext_kb.r
             3AD              DE31  f_ext
             3B2              DE36  f_total
             3BB              DE3F  f_fda
             3C3              DE47  f_fdb
             3C8              DE4C  floppy
             3DE              DE62  floppy.r
             3DF              DE63  f_video
             3EE              DE72  drv_get
             3FA              DE7E  drv_get.d
             3FC              DE80  drv_get.t
             408              DE8C  drv_get.h
             41A              DE9E  drv_get.c
             424              DEA8  drv_get.rom
             43E              DEC2  drv_get.chk
             44C              DED0  drv_get.none
             44E              DED2  f_c0
             452              DED6  f_d0
             454              DED8  drv_size
             45D              DEE1  drv_size.ok
             490              DF14  f_c1
             494              DF18  f_d1
             496              DF1A  drv_phys
             4A4              DF28  drv_none
             4A7              DF2B  f_c2
             4AB              DF2F  f_d2
             4AD              DF31  drv_log
             4BC              DF40  drv_log.xl
             4D8              DF5C  drv_log.ok
             4E9              DF6D  dt_range1
             4FC              DF80  dt_range1.bad
             4FE              DF82  dt_bcd
             506              DF8A  code_end
             506              DF8A  ext48
             55D              DFE1  ext48.tot

---- Section data -------------------------------------------------------------

Real              Virtual           Name
             800              7902  bu_tloop
             80B              790D  bu_tloop.l
             81E              7920  bu_tloop_end
             81E              7920  bu_edkey
             832              7934  bu_edkey.fwd
             837              7939  bu_edkey.esc
             83A              793C  bu_edkey.r
             83B              793D  bu_stdkey
             851              7953  bu_stdkey.tab
             862              7964  bu_stdkey.fwd
             867              7969  bu_stdkey.esc
             86A              796C  bu_stdkey.r
             86B              796D  bu_dtkey
             87D              797F  bu_detect
             8DD              79DF  bu_detect.clock
             90E              7A10  bu_detect.nofpu
             955              7A57  bu_detect.k
             96B              7A6D  bu_detect.sn
             97A              7A7C  bu_detect.abs
             985              7A87  bu_detect.store
             988              7A8A  bu_detect.done
             98B              7A8D  clock_k
             997              7A99  clock_std
             9B9              7ABB  page_handlers
             9BF              7AC1  tab_table
             9D1              7AD3  tools_list
             9F4              7AF6  exit_list
             A02              7B04  sum_table
             A93              7B95  cpu_names
             A9B              7B9D  dt_fields
             AB5              7BB7  video_names
             ABD              7BBF  tab_attrs
             ACD              7BCF  s_title
             B1D              7C1F  s_tab0
             B27              7C29  s_tab1
             B32              7C34  s_tab2
             B3D              7C3F  s_tab3
             B47              7C49  s_tab4
             B4F              7C51  s_tab5
             B56              7C58  s_foot_main
             BAB              7CAD  s_tagline
             BE3              7CE5  s_it_def
             BFC              7CFE  s_it_pon
             C13              7D15  s_it_pwd
             C23              7D25  s_it_det
             C39              7D3B  s_it_sav
             C50              7D52  s_it_qut
             C64              7D66  l_cpu
             C6D              7D6F  l_clock
             C77              7D79  l_fpu
             C81              7D83  l_chip
             C89              7D8B  l_base
             C95              7D97  l_ext
             CA5              7DA7  l_total
             CB2              7DB4  l_cache
             CC1              7DC3  l_vshad
             CCE              7DD0  l_sshad
             CDC              7DDE  l_core
             CE6              7DE8  l_ver
             CED              7DEF  l_fda
             CF7              7DF9  l_fdb
             D01              7E03  l_hdc
             D0E              7E10  l_hdd
             D1B              7E1D  l_phys
             D28              7E2A  l_log
             D37              7E39  l_boot
             D45              7E47  l_numl
             D52              7E54  l_pwd
             D61              7E63  l_video
             D6F              7E71  s_chipset
             D7E              7E80  s_core
             D8F              7E91  s_ver
             D93              7E95  s_386
             D99              7E9B  s_486
             D9F              7EA1  s_586
             DA7              7EA9  s_686
             DB1              7EB3  s_mhz
             DB6              7EB8  s_present
             DBE              7EC0  s_none
             DC3              7EC5  s_notrans
             DCE              7ED0  s_mb_type
             DD5              7ED7  data_end

---- Section code2 ------------------------------------------------------------

Real              Virtual           Name
            1000              7F14  bu_dtentry
            1017              7F2B  bu_dtentry.find
            1025              7F39  bu_dtentry.none
            1029              7F3D  bu_dtentry.found
            1032              7F46  bu_dtentry.digit
            1054              7F68  bu_dtentry.key
            1060              7F74  bu_dtentry.nd
            107B              7F8F  bu_dtentry.ne
            108C              7FA0  bu_dtentry.enter
            1094              7FA8  bu_dtentry.cancel
            1099              7FAD  bu_dtentry.done
            10AA              7FBE  dt_echo
            10BB              7FCF  dt_echo.pad
            10C5              7FD9  dt_echo.pz

---- Section code3 ------------------------------------------------------------

Real              Virtual           Name
            1400              7856  dt_commit
            142C              7882  dt_commit.y4
            144F              78A5  dt_commit.mon
            145B              78B1  dt_commit.day
            1467              78BD  dt_commit.time
            1487              78DD  dt_commit.min
            148B              78E1  dt_commit.hour
            1497              78ED  dt_commit.sett
            149B              78F1  dt_commit.show
            149E              78F4  code3_end

---- Section post1 ------------------------------------------------------------

Real              Virtual           Name
            1800              39C0  bu_post_init
            1812              39D2  bu_post_init.scan
            181F              39DF  bu_post_init.splash
            1825              39E5  bu_post_init.go
            183F              39FF  bu_post_init.first
            185E              3A1E  bu_post_init.draw
            186D              3A2D  bu_refresh
            1894              3A54  bu_refresh.mode
            18AD              3A6D  bu_refresh.keep
            18B0              3A70  bu_refresh.vals
            18B5              3A75  bu_delmsg
            18BD              3A7D  bu_wait
            18DD              3A9D  bu_wait.c
            18E8              3AA8  bu_wait.d
            18F0              3AB0  status
            1900              3AC0  leave_line
            1903              3AC3  leave_cur
            1906              3AC6  hook_ret
            190D              3ACD  enter
            1919              3AD9  bu_errors
            1942              3B02  bu_errors.go
            194B              3B0B  bu_memshow
            1962              3B22  bu_memshow.base
            1965              3B25  bu_memshow.set
            1970              3B30  cmos_ext
            1983              3B43  ide_errcode
            19A4              3B64  ide_errcode.r
            19A5              3B65  post1_end
            19A5              3B65  tl_head
            19B0              3B70  tl_head_end
            19B0              3B70  clock_k32

---- Section post2 ------------------------------------------------------------

Real              Virtual           Name
            1C00              3B8F  bu_chime
            1C0F              3B9E  bu_chime.note
            1C2E              3BBD  wait_units
            1C32              3BC1  wait_units.o
            1C36              3BC5  wait_units.t
            1C3C              3BCB  wait_units.t2
            1C4B              3BDA  wait_units.r
            1C4C              3BDB  cpu_detect
            1C60              3BEF  cpu_detect.ac
            1C89              3C18  cpu_detect.fam
            1CC4              3C53  cpu_detect.nofpu
            1CCA              3C59  flip
            1CE7              3C76  rtc_now
            1CF9              3C88  bcd_cmos
            1D06              3C95  vid_es
            1D23              3CB2  vid_es.set
            1D2A              3CB9  attr
            1D40              3CCF  goto
            1D50              3CDF  set_cursor
            1D57              3CE6  text_at
            1D5D              3CEC  pstr
            1D66              3CF5  pstr.r
            1D67              3CF6  fill_at
            1D76              3D05  clear_at
            1D7C              3D0B  pdec
            1D7F              3D0E  pdec.d
            1DA0              3D2F  pdec.o
            1DAC              3D3B  pdec.e
            1DAE              3D3D  pnum
            1DB6              3D45  phex
            1DB6              3D45  phex.l
            1DC9              3D58  value_attr
            1DD1              3D60  value_at
            1DD5              3D64  pstr_v
            1DD9              3D68  dots_or
            1DE3              3D72  dots_or.p
            1DE5              3D74  s_dots
            1DE9              3D78  early_ports
            1DEE              3D7D  early_ports.com
            1E00              3D8F  early_ports.nc
            1E09              3D98  early_ports.lpt
            1E20              3DAF  early_ports.nl
            1E27              3DB6  early_ports.t
            1E30              3DBF  draw_all
            1E4F              3DDE  draw_all.lab
            1E64              3DF3  draw_all.labd
            1E8E              3E1D  draw_all.intel
            1E96              3E25  draw_all.i
            1EA0              3E2F  draw_all.cpu
            1EBD              3E4C  draw_all.fpu
            1ED6              3E65  draw_status
            1EFA              3E89  draw_memory
            1F15              3EA4  draw_memory.bar
            1F49              3ED8  draw_floppies
            1F5E              3EED  draw_floppies.one
            1F73              3F02  draw_floppies.p
            1F76              3F05  disk_geo
            1F82              3F11  disk_geo.d
            1F8F              3F1E  disk_geo.h
            1F9F              3F2E  disk_geo.c
            1FCA              3F59  disk_geo.rom
            1FE3              3F72  disk_geo.chk
            1FEF              3F7E  disk_geo.none
            1FF1              3F80  draw_disk
            2020              3FAF  draw_disk.yes
            2030              3FBF  draw_disk.t
            2044              3FD3  draw_disk.nt
            207C              400B  draw_disk.lc
            2087              4016  draw_disk.size
            20AF              403E  draw_disk.r
            20B0              403F  pchs
            20C9              4058  slash
            20CF              405E  auto_on
            20E7              4076  auto_on.off
            20EB              407A  ide_wait
            20F2              4081  ide_wait.o
            20F6              4085  ide_wait.i
            2106              4095  ide_wait.t
            2112              40A1  ide_wait.tg
            2120              40AF  ide_wait.err
            2125              40B4  ide_wait.ok
            212A              40B9  auto_set
            2148              40D7  auto_set.write
            2155              40E4  auto_set.c
            216D              40FC  auto_set.p
            2194              4123  auto_set.cb
            21AC              413B  auto_set.s
            21C7              4156  auto_set.r
            21C8              4157  auto_set.wr
            21CE              415D  post2_end

---- Section post3 ------------------------------------------------------------

Real              Virtual           Name
            2400              429D  fill_values
            241E              42BB  fill_values.clk
            2438              42D5  fill_values.cache
            2467              4304  fill_values.nocache
            246D              430A  fill_values.shadow
            24A0              433D  fill_values.sys
            24A3              4340  fill_values.shp
            24A6              4343  fill_values.shd
            24B5              4352  fill_values.bat
            24CD              436A  fill_values.port
            24DD              437A  fill_values.pc
            24F6              4393  fill_values.pn
            2508              43A5  fill_values.roms0
            2513              43B0  fill_values.rom
            2551              43EE  fill_values.r2
            2554              43F1  fill_values.rn
            2565              4402  fill_values.done
            2566              4403  bu_final
            25A4              4441  bu_final.bc
            25CC              4469  bu_final.t
            25E2              447F  bu_final.notime
            25F2              448F  bu_final.sec
            25FF              449C  bu_final.tick
            2614              44B1  bu_final.key
            261E              44BB  bu_final.boot
            2626              44C3  bu_final.out
            2635              44D2  bu_final.setup
            2653              44F0  bu_final.halt
            2656              44F3  cmos_sum
            2664              4501  bcd_raw
            2679              4516  detect_disks
            2680              451D  detect_disks.one
            26A0              453D  detect_disks.ask
            26D7              4574  detect_disks.later
            26DF              457C  detect_disks.ok
            273D              45DA  detect_disks.auto
            2748              45E5  detect_disks.x
            274B              45E8  detect_disks.r
            274C              45E9  ide_id
            2782              461F  ide_id.w
            2788              4625  ide_id.f
            2797              4634  ide_id.keep
            27A2              463F  ide_id.m
            27BC              4659  ide_id.n
            27C7              4664  ide_id.none
            27CB              4668  ide_id.fail
            27CD              466A  ide_id.f2
            27CE              466B  ide_id.end
            27DA              4677  id_words
            27E7              4684  measure_clock
            2849              46E6  measure_clock.k
            2860              46FD  measure_clock.sn
            286F              470C  measure_clock.abs
            287C              4719  measure_clock.no
            287D              471A  schemes
            28BC              4759  labels
            291D              47BA  port_names
            2939              47D6  ps_title
            295B              47F8  ps_title_r
            297D              481A  pl_cpu
            2987              4824  pl_fpu
            2993              4830  pl_clock
            2999              4836  pl_cache
            299F              483C  pl_shadow
            29AA              4847  pl_bios
            29AF              484C  pl_rtc
            29BB              4858  pl_mem
            29C2              485F  pl_diskc
            29CA              4867  pl_diskd
            29D2              486F  pl_ports
            29D8              4875  pl_roms
            29E4              4881  s_bioscore
            29FE              489B  s_cx486dlc
            2A0B              48A8  s_cyrix
            2A15              48B2  s_fpu387
            2A21              48BE  s_fpuint
            2A29              48C6  s_kb
            2A2D              48CA  s_mb
            2A31              48CE  s_type
            2A37              48D4  s_auto
            2A3C              48D9  s_lba
            2A41              48DE  s_arrow
            2A49              48E6  s_disabled
            2A52              48EF  s_video
            2A58              48F5  s_system
            2A5F              48FC  s_plus
            2A63              4900  s_ok
            2A66              4903  s_low
            2A6A              4907  s_st_mem
            2A7D              491A  s_st_del
            2A94              4931  s_st_dev
            2AA9              4946  s_st_err
            2ABE              495B  s_st_bootc
            2AD2              496F  s_st_boota
            2AE6              4983  s_post
            2AEE              498B  s_sec
            2AF1              498E  s_countdown
            2B28              49C5  post3_end

---- Section lba --------------------------------------------------------------

Real              Virtual           Name
            2C00              3292  bu_int13
            2C11              32A3  bu_int13.orig
            2C17              32A9  ext13
            2C6F              3301  ext13.cmd
            2CAF              3341  ext13.v
            2D23              33B5  ext13.lbamode
            2D3E              33D0  ext13.dh
            2D63              33F5  ext13.sect
            2D81              3413  ext13.wr
            2D8B              341D  ext13.adv
            2D99              342B  ext13.last
            2DB7              3449  ext13.err
            2DBA              344C  ext13.cnt
            2DC2              3454  ext_bad
            2DC6              3458  ext_ok
            2DC8              345A  ext_done
            2DD6              3468  ext_ret
            2DE3              3475  ext_ret.c0
            2DE4              3476  ext_ret.cf
            2DEC              347E  lba_end

---- Section tools ------------------------------------------------------------

Real              Virtual           Name
            3000              19B0  bu_autolabel
            300A              19BA  bu_autolabel.c
            301C              19CC  bu_autolabel.s
            3025              19D5  bu_autotoggle
            302E              19DE  bu_autotoggle.w
            3044              19F4  ext41
            305E              1A0E  s_it_auto
            307A              1A2A  s_on
            307D              1A2D  s_off
            3081              1A31  s_help_auto
            30B7              1A67  tools_end

